// Jest Snapshot v1, https://goo.gl/fbAQLP

exports[`Film Card correctly renders 1`] = `
<article
  className="small-movie-card catalog__movies-card"
  onMouseOut={[MockFunction]}
  onMouseOver={[MockFunction]}
>
  <video
    height="175"
    muted={true}
    poster="img/fantastic-beasts-the-crimes-of-grindelwald.jpg"
    src=""
    width="280"
  />
  <h3
    className="small-movie-card__title"
  >
    <a
      className="small-movie-card__link"
      href="movie-page.html"
    >
      Fantastic Beasts: The Crimes of Grindelwald
    </a>
  </h3>
</article>
`;
